2026-01-07 00:38:09,821 INFO: AlgoLens backend startup [in C:\Users\domdd\Documents\GitHub\AlgoLens\backend\app.py:53]
2026-01-07 00:38:20,281 INFO: Request: GET /portfolio/strategies from 127.0.0.1 [in C:\Users\domdd\Documents\GitHub\AlgoLens\backend\app.py:58]
2026-01-07 00:38:20,942 INFO: Response: GET /portfolio/strategies - Status 200 [in C:\Users\domdd\Documents\GitHub\AlgoLens\backend\app.py:67]
2026-01-07 00:38:20,951 INFO: Request: GET /portfolio/strategy/trendfollowing from 127.0.0.1 [in C:\Users\domdd\Documents\GitHub\AlgoLens\backend\app.py:58]
2026-01-07 00:38:20,951 INFO: Fetching strategy: trendfollowing [in C:\Users\domdd\Documents\GitHub\AlgoLens\backend\routes\portfolio.py:13]
2026-01-07 00:38:20,951 INFO: [TREND] Starting to fetch LIVE_TREND_FOLLOWING data [in C:\Users\domdd\Documents\GitHub\AlgoLens\backend\routes\portfolio.py:28]
2026-01-07 00:38:21,257 INFO: Request: GET /portfolio/strategy/dividend from 127.0.0.1 [in C:\Users\domdd\Documents\GitHub\AlgoLens\backend\app.py:58]
2026-01-07 00:38:21,257 INFO: Request: GET /portfolio/strategy/value from 127.0.0.1 [in C:\Users\domdd\Documents\GitHub\AlgoLens\backend\app.py:58]
2026-01-07 00:38:21,257 INFO: Request: GET /portfolio/strategy/growth from 127.0.0.1 [in C:\Users\domdd\Documents\GitHub\AlgoLens\backend\app.py:58]
2026-01-07 00:38:21,257 INFO: Fetching strategy: dividend [in C:\Users\domdd\Documents\GitHub\AlgoLens\backend\routes\portfolio.py:13]
2026-01-07 00:38:21,261 INFO: Fetching strategy: value [in C:\Users\domdd\Documents\GitHub\AlgoLens\backend\routes\portfolio.py:13]
2026-01-07 00:38:21,262 INFO: Fetching strategy: growth [in C:\Users\domdd\Documents\GitHub\AlgoLens\backend\routes\portfolio.py:13]
2026-01-07 00:38:21,262 INFO: Response: GET /portfolio/strategy/dividend - Status 200 [in C:\Users\domdd\Documents\GitHub\AlgoLens\backend\app.py:67]
2026-01-07 00:38:21,263 INFO: Response: GET /portfolio/strategy/value - Status 200 [in C:\Users\domdd\Documents\GitHub\AlgoLens\backend\app.py:67]
2026-01-07 00:38:21,263 INFO: Response: GET /portfolio/strategy/growth - Status 200 [in C:\Users\domdd\Documents\GitHub\AlgoLens\backend\app.py:67]
2026-01-07 00:38:21,479 INFO: [TREND] Database connection established [in C:\Users\domdd\Documents\GitHub\AlgoLens\backend\routes\portfolio.py:31]
2026-01-07 00:38:21,479 INFO: [TREND] Fetching latest live_results... [in C:\Users\domdd\Documents\GitHub\AlgoLens\backend\routes\portfolio.py:36]
2026-01-07 00:38:21,621 INFO: [TREND] Latest results: True [in C:\Users\domdd\Documents\GitHub\AlgoLens\backend\routes\portfolio.py:44]
2026-01-07 00:38:21,621 INFO: [TREND] Fetching equity_curve... [in C:\Users\domdd\Documents\GitHub\AlgoLens\backend\routes\portfolio.py:51]
2026-01-07 00:38:21,691 INFO: [TREND] Found 95 equity curve points [in C:\Users\domdd\Documents\GitHub\AlgoLens\backend\routes\portfolio.py:59]
2026-01-07 00:38:21,691 INFO: [TREND] Fetching positions... [in C:\Users\domdd\Documents\GitHub\AlgoLens\backend\routes\portfolio.py:62]
2026-01-07 00:38:21,917 INFO: [TREND] Found 1001 positions [in C:\Users\domdd\Documents\GitHub\AlgoLens\backend\routes\portfolio.py:72]
2026-01-07 00:38:21,917 INFO: [TREND] Fetching executions... [in C:\Users\domdd\Documents\GitHub\AlgoLens\backend\routes\portfolio.py:75]
2026-01-07 00:38:22,003 INFO: [TREND] Found 100 executions [in C:\Users\domdd\Documents\GitHub\AlgoLens\backend\routes\portfolio.py:84]
2026-01-07 00:38:22,003 INFO: [TREND] Calculating values... [in C:\Users\domdd\Documents\GitHub\AlgoLens\backend\routes\portfolio.py:87]
2026-01-07 00:38:22,003 INFO: [TREND] Initial equity: 500000 [in C:\Users\domdd\Documents\GitHub\AlgoLens\backend\routes\portfolio.py:93]
2026-01-07 00:38:22,003 INFO: [TREND] Current value: 507562.0915, Return: 151.2418% [in C:\Users\domdd\Documents\GitHub\AlgoLens\backend\routes\portfolio.py:99]
2026-01-07 00:38:22,003 INFO: [TREND] Transforming positions... [in C:\Users\domdd\Documents\GitHub\AlgoLens\backend\routes\portfolio.py:102]
2026-01-07 00:38:22,011 INFO: [TREND] Building strategy response... [in C:\Users\domdd\Documents\GitHub\AlgoLens\backend\routes\portfolio.py:155]
2026-01-07 00:38:22,011 INFO: [TREND] Strategy response built successfully [in C:\Users\domdd\Documents\GitHub\AlgoLens\backend\routes\portfolio.py:202]
2026-01-07 00:38:22,015 INFO: [TREND] Database connection closed [in C:\Users\domdd\Documents\GitHub\AlgoLens\backend\routes\portfolio.py:210]
2026-01-07 00:38:22,015 INFO: Response: GET /portfolio/strategy/trendfollowing - Status 200 [in C:\Users\domdd\Documents\GitHub\AlgoLens\backend\app.py:67]
